
#####  ==========   start1 ========== 20251227-124925 : =====================__________
/up1/varu/varau/wks/k8s_wk
k8s_wk : systemctl status  docker.service  docker.socket  containerd.service  crio.service  kubelet.service  firewalld.service
Unit crio.service could not be found.
○ docker.service - Docker Application Container Engine
     Loaded: loaded (/usr/lib/systemd/system/docker.service; disabled; preset: disabled)
    Drop-In: /usr/lib/systemd/system/service.d
             └─10-timeout-abort.conf
     Active: inactive (dead)
TriggeredBy: ● docker.socket
       Docs: https://docs.docker.com

● docker.socket - Docker Socket for the API
     Loaded: loaded (/usr/lib/systemd/system/docker.socket; enabled; preset: enabled)
     Active: active (listening) since Sat 2025-12-27 11:57:52 CET; 50min ago
 Invocation: 0139316116a04770bbcbf766918d0ca6
   Triggers: ● docker.service
     Listen: /run/docker.sock (Stream)
      Tasks: 0 (limit: 9170)
     Memory: 0B (peak: 256K)
        CPU: 3ms
     CGroup: /system.slice/docker.socket

Dec 27 11:57:52 2512fed systemd[1]: Starting docker.socket - Docker Socket for the API...
Dec 27 11:57:52 2512fed systemd[1]: Listening on docker.socket - Docker Socket for the API.

○ containerd.service - containerd container runtime
     Loaded: loaded (/usr/lib/systemd/system/containerd.service; disabled; preset: disabled)
    Drop-In: /usr/lib/systemd/system/service.d
             └─10-timeout-abort.conf
     Active: inactive (dead)
       Docs: https://containerd.io
   Mem peak: 0B
        CPU: 0

○ kubelet.service - Kubelet: The Kubernetes Node Agent
     Loaded: loaded (/usr/lib/systemd/system/kubelet.service; disabled; preset: disabled)
    Drop-In: /usr/lib/systemd/system/kubelet.service.d
             └─10-kubeadm.conf
             /usr/lib/systemd/system/service.d
             └─10-timeout-abort.conf
     Active: inactive (dead)
       Docs: https://kubernetes.io/docs/concepts/overview/components/#kubelet
             https://kubernetes.io/docs/reference/generated/kubelet/

○ firewalld.service - firewalld - dynamic firewall daemon
     Loaded: loaded (/usr/lib/systemd/system/firewalld.service; disabled; preset: enabled)
    Drop-In: /usr/lib/systemd/system/service.d
             └─10-timeout-abort.conf
     Active: inactive (dead)
       Docs: man:firewalld(1)

/up1/varu/varau/wks/k8s_wk
k8s_wk : 

/up1/varu/varau/wks/k8s_wk
k8s_wk : ip l
1: lo: <LOOPBACK,UP,LOWER_UP> mtu 65536 qdisc noqueue state UNKNOWN mode DEFAULT group default qlen 1000
    link/loopback 00:00:00:00:00:00 brd 00:00:00:00:00:00
2: enp0s31f6: <NO-CARRIER,BROADCAST,MULTICAST,UP> mtu 1500 qdisc fq_codel state DOWN mode DEFAULT group default qlen 1000
    link/ether 50:7b:9d:c3:10:81 brd ff:ff:ff:ff:ff:ff
    altname enx507b9dc31081
3: wwp0s20f0u2i12: <BROADCAST,MULTICAST,NOARP> mtu 1500 qdisc noop state DOWN mode DEFAULT group default qlen 1000
    link/ether 1e:a6:6a:83:59:1d brd ff:ff:ff:ff:ff:ff
4: wlp4s0: <BROADCAST,MULTICAST,UP,LOWER_UP> mtu 1500 qdisc noqueue state UP mode DORMANT group default qlen 1000
    link/ether 8a:4e:61:3d:62:12 brd ff:ff:ff:ff:ff:ff permaddr 44:85:00:3c:01:f9
    altname wlx4485003c01f9

/up1/varu/varau/wks/k8s_wk
k8s_wk : ip a
1: lo: <LOOPBACK,UP,LOWER_UP> mtu 65536 qdisc noqueue state UNKNOWN group default qlen 1000
    link/loopback 00:00:00:00:00:00 brd 00:00:00:00:00:00
    inet 127.0.0.1/8 scope host lo
       valid_lft forever preferred_lft forever
    inet6 ::1/128 scope host noprefixroute 
       valid_lft forever preferred_lft forever
2: enp0s31f6: <NO-CARRIER,BROADCAST,MULTICAST,UP> mtu 1500 qdisc fq_codel state DOWN group default qlen 1000
    link/ether 50:7b:9d:c3:10:81 brd ff:ff:ff:ff:ff:ff
    altname enx507b9dc31081
3: wwp0s20f0u2i12: <BROADCAST,MULTICAST,NOARP> mtu 1500 qdisc noop state DOWN group default qlen 1000
    link/ether 1e:a6:6a:83:59:1d brd ff:ff:ff:ff:ff:ff
4: wlp4s0: <BROADCAST,MULTICAST,UP,LOWER_UP> mtu 1500 qdisc noqueue state UP group default qlen 1000
    link/ether 8a:4e:61:3d:62:12 brd ff:ff:ff:ff:ff:ff permaddr 44:85:00:3c:01:f9
    altname wlx4485003c01f9
    inet 192.168.212.82/24 brd 192.168.212.255 scope global dynamic noprefixroute wlp4s0
       valid_lft 43120sec preferred_lft 43120sec
    inet6 fe80::b8bc:8363:427f:2e51/64 scope link noprefixroute 
       valid_lft forever preferred_lft forever

/up1/varu/varau/wks/k8s_wk
##________________________________________  ___________________________

